// Jest Snapshot v1, https://goo.gl/fbAQLP

exports[`<Header /> renders correctly 1`] = `
<div
  className="logoContainer"
>
  <img
    className="logo"
    src="test-file-stub"
  />
</div>
`;
